---
source: apps/oxlint/src/tester.rs
---
########## 
arguments: --tsconfig oxc/tsconfig.json
working directory: fixtures
----------
Failed to parse oxlint configuration file.

  x `jsPlugins` config contains './plugin.js'. JS plugins are not supported on 32-bit or big-endian platforms at present.

----------
CLI result: InvalidOptionConfig
----------
